ssaassdd
